../Core/Src/main.c:37:6:HAL_GPIO_EXTI_Callback	16	static
../Core/Src/main.c:96:6:heartbeat	8	static
../Core/Src/main.c:115:6:turn_signal_left	8	static
../Core/Src/main.c:140:6:turn_signal_right	8	static
../Core/Src/main.c:166:6:stationary	8	static
../Core/Src/main.c:186:5:main	8	static
../Core/Src/main.c:211:6:SystemClock_Config	96	static
../Core/Src/main.c:257:13:MX_USART2_UART_Init	8	static
../Core/Src/main.c:292:13:MX_GPIO_Init	40	static
../Core/Src/main.c:356:6:Error_Handler	4	static,ignoring_inline_asm
